# -*-compilation-*-
Processing `F:/ex/Anu3/Proc Semnale/test.ly'
Parsing...
Interpreting music...
Preprocessing graphical objects...
Finding the ideal number of pages...
Fitting music on 1 page...
Drawing systems...
Layout output to `./tmp-lilypond-KqWugJ'...
Converting to `/ex/Anu3/Proc Semnale/test.pdf'...
Deleting `./tmp-lilypond-KqWugJ'...
Success: compilation successfully completed
